#
# There is insufficient memory for the Java Runtime Environment to continue.
# Native memory allocation (malloc) failed to allocate 1095088 bytes for Chunk::new
# Possible reasons:
#   The system is out of physical RAM or swap space
#   The process is running with CompressedOops enabled, and the Java Heap may be blocking the growth of the native heap
# Possible solutions:
#   Reduce memory load on the system
#   Increase physical memory or swap space
#   Check if swap backing store is full
#   Decrease Java heap size (-Xmx/-Xms)
#   Decrease number of Java threads
#   Decrease Java thread stack sizes (-Xss)
#   Set larger code cache with -XX:ReservedCodeCacheSize=
#   JVM is running with Unscaled Compressed Oops mode in which the Java heap is
#     placed in the first 4GB address space. The Java Heap base address is the
#     maximum limit for the native heap growth. Please use -XX:HeapBaseMinAddress
#     to set the Java Heap base and to place the Java Heap above 4GB virtual address.
# This output file may be truncated or incomplete.
#
#  Out of Memory Error (arena.cpp:168), pid=11616, tid=4536
#
# JRE version: Java(TM) SE Runtime Environment (21.0.6+8) (build 21.0.6+8-LTS-188)
# Java VM: Java HotSpot(TM) 64-Bit Server VM (21.0.6+8-LTS-188, mixed mode, sharing, tiered, compressed oops, compressed class ptrs, g1 gc, windows-amd64)
# No core dump will be written. Minidumps are not enabled by default on client versions of Windows
#

---------------  S U M M A R Y ------------

Command Line: -Dfile.encoding=UTF-8 -Dstdout.encoding=UTF-8 -Dstderr.encoding=UTF-8 -XX:+ShowCodeDetailsInExceptionMessages com.javaweb.Application

Host: Intel(R) Core(TM) i5-5300U CPU @ 2.30GHz, 4 cores, 3G,  Windows 10 , 64 bit Build 19041 (10.0.19041.5438)
Time: Mon Apr  7 22:52:21 2025 SE Asia Standard Time elapsed time: 8.161146 seconds (0d 0h 0m 8s)

---------------  T H R E A D  ---------------

Current thread (0x000001b931893d80):  JavaThread "C2 CompilerThread0" daemon [_thread_in_native, id=4536, stack(0x0000001273f00000,0x0000001274000000) (1024K)]


Current CompileTask:
C2:   8161 4129       4       sun.security.ec.ECOperations::setDouble (463 bytes)

Stack: [0x0000001273f00000,0x0000001274000000]
Native frames: (J=compiled Java code, j=interpreted, Vv=VM code, C=native code)
V  [jvm.dll+0x6ca6d9]
V  [jvm.dll+0x854f51]
V  [jvm.dll+0x85747e]
V  [jvm.dll+0x857b53]
V  [jvm.dll+0x27dcc6]
V  [jvm.dll+0xc4c2d]
V  [jvm.dll+0xc5163]
V  [jvm.dll+0x3b515c]
V  [jvm.dll+0x1df633]
V  [jvm.dll+0x246a72]
V  [jvm.dll+0x245eff]
V  [jvm.dll+0x1c6d2e]
V  [jvm.dll+0x2554f9]
V  [jvm.dll+0x253a8a]
V  [jvm.dll+0x3ee576]
V  [jvm.dll+0x7ff2fb]
V  [jvm.dll+0x6c8dbd]
C  [ucrtbase.dll+0x21bb2]
C  [KERNEL32.DLL+0x17374]
C  [ntdll.dll+0x4cc91]


---------------  P R O C E S S  ---------------

Threads class SMR info:
_java_thread_list=0x000001b979456d70, length=17, elements={
0x000001b914a17540, 0x000001b931888c70, 0x000001b93188b1d0, 0x000001b93188e750,
0x000001b93188f940, 0x000001b931890390, 0x000001b931891580, 0x000001b931893d80,
0x000001b9318be6a0, 0x000001b931ae9ea0, 0x000001b931aedd40, 0x000001b978167ea0,
0x000001b978dced00, 0x000001b978dcf360, 0x000001b979597c30, 0x000001b9774a6350,
0x000001b977b6cbd0
}

Java Threads: ( => current thread )
  0x000001b914a17540 JavaThread "main"                              [_thread_in_vm, id=13500, stack(0x0000001273100000,0x0000001273200000) (1024K)]
  0x000001b931888c70 JavaThread "Reference Handler"          daemon [_thread_blocked, id=14132, stack(0x0000001273900000,0x0000001273a00000) (1024K)]
  0x000001b93188b1d0 JavaThread "Finalizer"                  daemon [_thread_blocked, id=14844, stack(0x0000001273a00000,0x0000001273b00000) (1024K)]
  0x000001b93188e750 JavaThread "Signal Dispatcher"          daemon [_thread_blocked, id=7976, stack(0x0000001273b00000,0x0000001273c00000) (1024K)]
  0x000001b93188f940 JavaThread "Attach Listener"            daemon [_thread_blocked, id=5724, stack(0x0000001273c00000,0x0000001273d00000) (1024K)]
  0x000001b931890390 JavaThread "Service Thread"             daemon [_thread_blocked, id=5896, stack(0x0000001273d00000,0x0000001273e00000) (1024K)]
  0x000001b931891580 JavaThread "Monitor Deflation Thread"   daemon [_thread_blocked, id=14828, stack(0x0000001273e00000,0x0000001273f00000) (1024K)]
=>0x000001b931893d80 JavaThread "C2 CompilerThread0"         daemon [_thread_in_native, id=4536, stack(0x0000001273f00000,0x0000001274000000) (1024K)]
  0x000001b9318be6a0 JavaThread "C1 CompilerThread0"         daemon [_thread_blocked, id=2576, stack(0x0000001274000000,0x0000001274100000) (1024K)]
  0x000001b931ae9ea0 JavaThread "Notification Thread"        daemon [_thread_blocked, id=13136, stack(0x0000001274100000,0x0000001274200000) (1024K)]
  0x000001b931aedd40 JavaThread "Common-Cleaner"             daemon [_thread_blocked, id=2760, stack(0x0000001274200000,0x0000001274300000) (1024K)]
  0x000001b978167ea0 JavaThread "Catalina-utility-1"                [_thread_blocked, id=8168, stack(0x0000001274300000,0x0000001274400000) (1024K)]
  0x000001b978dced00 JavaThread "Catalina-utility-2"                [_thread_blocked, id=11272, stack(0x0000001274800000,0x0000001274900000) (1024K)]
  0x000001b978dcf360 JavaThread "container-0"                       [_thread_blocked, id=9460, stack(0x0000001274900000,0x0000001274a00000) (1024K)]
  0x000001b979597c30 JavaThread "mysql-cj-abandoned-connection-cleanup" daemon [_thread_blocked, id=6656, stack(0x0000001274a00000,0x0000001274b00000) (1024K)]
  0x000001b9774a6350 JavaThread "HikariPool-1 housekeeper"   daemon [_thread_blocked, id=11708, stack(0x0000001274c00000,0x0000001274d00000) (1024K)]
  0x000001b977b6cbd0 JavaThread "HikariPool-1 connection adder" daemon [_thread_blocked, id=5020, stack(0x0000001274d00000,0x0000001274e00000) (1024K)]
Total: 17

Other Threads:
  0x000001b916cd2340 VMThread "VM Thread"                           [id=12956, stack(0x0000001273800000,0x0000001273900000) (1024K)]
  0x000001b93187cc70 WatcherThread "VM Periodic Task Thread"        [id=15016, stack(0x0000001273700000,0x0000001273800000) (1024K)]
  0x000001b916c4aac0 WorkerThread "GC Thread#0"                     [id=4508, stack(0x0000001273200000,0x0000001273300000) (1024K)]
  0x000001b977405620 WorkerThread "GC Thread#1"                     [id=1444, stack(0x0000001274400000,0x0000001274500000) (1024K)]
  0x000001b9778eef60 WorkerThread "GC Thread#2"                     [id=10656, stack(0x0000001274500000,0x0000001274600000) (1024K)]
  0x000001b977782ca0 WorkerThread "GC Thread#3"                     [id=13156, stack(0x0000001274600000,0x0000001274700000) (1024K)]
  0x000001b916c54e50 ConcurrentGCThread "G1 Main Marker"            [id=12232, stack(0x0000001273300000,0x0000001273400000) (1024K)]
  0x000001b916c561b0 WorkerThread "G1 Conc#0"                       [id=14716, stack(0x0000001273400000,0x0000001273500000) (1024K)]
  0x000001b916cb00d0 ConcurrentGCThread "G1 Refine#0"               [id=3392, stack(0x0000001273500000,0x0000001273600000) (1024K)]
  0x000001b916cb0b50 ConcurrentGCThread "G1 Service"                [id=4124, stack(0x0000001273600000,0x0000001273700000) (1024K)]
Total: 10

Threads with active compile tasks:
C2 CompilerThread0     8223 4129       4       sun.security.ec.ECOperations::setDouble (463 bytes)
Total: 1

VM state: not at safepoint (normal execution)

VM Mutex/Monitor currently owned by a thread: None

Heap address: 0x00000000c1c00000, size: 996 MB, Compressed Oops mode: 32-bit

CDS archive(s) mapped at: [0x000001b932000000-0x000001b932c90000-0x000001b932c90000), size 13172736, SharedBaseAddress: 0x000001b932000000, ArchiveRelocationMode: 1.
Compressed class space mapped at: 0x000001b933000000-0x000001b973000000, reserved size: 1073741824
Narrow klass base: 0x000001b932000000, Narrow klass shift: 0, Narrow klass range: 0x100000000

GC Precious Log:
 CardTable entry size: 512
 Card Set container configuration: InlinePtr #cards 5 size 8 Array Of Cards #cards 12 size 40 Howl #buckets 4 coarsen threshold 1843 Howl Bitmap #cards 512 size 80 coarsen threshold 460 Card regions per heap region 1 cards per card region 2048
 CPUs: 4 total, 4 available
 Memory: 3976M
 Large Page Support: Disabled
 NUMA Support: Disabled
 Compressed Oops: Enabled (32-bit)
 Heap Region Size: 1M
 Heap Min Capacity: 8M
 Heap Initial Capacity: 64M
 Heap Max Capacity: 996M
 Pre-touch: Disabled
 Parallel Workers: 4
 Concurrent Workers: 1
 Concurrent Refinement Workers: 4
 Periodic GC: Disabled

Heap:
 garbage-first heap   total 51200K, used 30930K [0x00000000c1c00000, 0x0000000100000000)
  region size 1024K, 17 young (17408K), 3 survivors (3072K)
 Metaspace       used 42429K, committed 42816K, reserved 1114112K
  class space    used 5333K, committed 5504K, reserved 1048576K

Heap Regions: E=young(eden), S=young(survivor), O=old, HS=humongous(starts), HC=humongous(continues), CS=collection set, F=free, TAMS=top-at-mark-start, PB=parsable bottom
|   0|0x00000000c1c00000, 0x00000000c1d00000, 0x00000000c1d00000|100%|HS|  |TAMS 0x00000000c1c00000| PB 0x00000000c1c00000| Complete 
|   1|0x00000000c1d00000, 0x00000000c1e00000, 0x00000000c1e00000|100%|HS|  |TAMS 0x00000000c1d00000| PB 0x00000000c1d00000| Complete 
|   2|0x00000000c1e00000, 0x00000000c1f00000, 0x00000000c1f00000|100%| O|  |TAMS 0x00000000c1e00000| PB 0x00000000c1e00000| Untracked 
|   3|0x00000000c1f00000, 0x00000000c2000000, 0x00000000c2000000|100%| O|  |TAMS 0x00000000c1f00000| PB 0x00000000c1f00000| Untracked 
|   4|0x00000000c2000000, 0x00000000c2100000, 0x00000000c2100000|100%| O|  |TAMS 0x00000000c2000000| PB 0x00000000c2000000| Untracked 
|   5|0x00000000c2100000, 0x00000000c2200000, 0x00000000c2200000|100%| O|  |TAMS 0x00000000c2100000| PB 0x00000000c2100000| Untracked 
|   6|0x00000000c2200000, 0x00000000c2300000, 0x00000000c2300000|100%| O|  |TAMS 0x00000000c2200000| PB 0x00000000c2200000| Untracked 
|   7|0x00000000c2300000, 0x00000000c2400000, 0x00000000c2400000|100%| O|  |TAMS 0x00000000c2300000| PB 0x00000000c2300000| Untracked 
|   8|0x00000000c2400000, 0x00000000c2400000, 0x00000000c2500000|  0%| F|  |TAMS 0x00000000c2400000| PB 0x00000000c2400000| Untracked 
|   9|0x00000000c2500000, 0x00000000c2600000, 0x00000000c2600000|100%| O|  |TAMS 0x00000000c2500000| PB 0x00000000c2500000| Untracked 
|  10|0x00000000c2600000, 0x00000000c2700000, 0x00000000c2700000|100%| O|  |TAMS 0x00000000c2600000| PB 0x00000000c2600000| Untracked 
|  11|0x00000000c2700000, 0x00000000c2800000, 0x00000000c2800000|100%| O|  |TAMS 0x00000000c2700000| PB 0x00000000c2700000| Untracked 
|  12|0x00000000c2800000, 0x00000000c2900000, 0x00000000c2900000|100%| O|  |TAMS 0x00000000c2800000| PB 0x00000000c2800000| Untracked 
|  13|0x00000000c2900000, 0x00000000c2a00000, 0x00000000c2a00000|100%| O|  |TAMS 0x00000000c2900000| PB 0x00000000c2900000| Untracked 
|  14|0x00000000c2a00000, 0x00000000c2b00000, 0x00000000c2b00000|100%| O|  |TAMS 0x00000000c2a00000| PB 0x00000000c2a00000| Untracked 
|  15|0x00000000c2b00000, 0x00000000c2c00000, 0x00000000c2c00000|100%| O|  |TAMS 0x00000000c2b00000| PB 0x00000000c2b00000| Untracked 
|  16|0x00000000c2c00000, 0x00000000c2c00000, 0x00000000c2d00000|  0%| F|  |TAMS 0x00000000c2c00000| PB 0x00000000c2c00000| Untracked 
|  17|0x00000000c2d00000, 0x00000000c2d00000, 0x00000000c2e00000|  0%| F|  |TAMS 0x00000000c2d00000| PB 0x00000000c2d00000| Untracked 
|  18|0x00000000c2e00000, 0x00000000c2e00000, 0x00000000c2f00000|  0%| F|  |TAMS 0x00000000c2e00000| PB 0x00000000c2e00000| Untracked 
|  19|0x00000000c2f00000, 0x00000000c2f00000, 0x00000000c3000000|  0%| F|  |TAMS 0x00000000c2f00000| PB 0x00000000c2f00000| Untracked 
|  20|0x00000000c3000000, 0x00000000c3075360, 0x00000000c3100000| 45%| O|  |TAMS 0x00000000c3000000| PB 0x00000000c3000000| Untracked 
|  21|0x00000000c3100000, 0x00000000c3100000, 0x00000000c3200000|  0%| F|  |TAMS 0x00000000c3100000| PB 0x00000000c3100000| Untracked 
|  22|0x00000000c3200000, 0x00000000c3200000, 0x00000000c3300000|  0%| F|  |TAMS 0x00000000c3200000| PB 0x00000000c3200000| Untracked 
|  23|0x00000000c3300000, 0x00000000c3300000, 0x00000000c3400000|  0%| F|  |TAMS 0x00000000c3300000| PB 0x00000000c3300000| Untracked 
|  24|0x00000000c3400000, 0x00000000c3400000, 0x00000000c3500000|  0%| F|  |TAMS 0x00000000c3400000| PB 0x00000000c3400000| Untracked 
|  25|0x00000000c3500000, 0x00000000c3500000, 0x00000000c3600000|  0%| F|  |TAMS 0x00000000c3500000| PB 0x00000000c3500000| Untracked 
|  26|0x00000000c3600000, 0x00000000c3600000, 0x00000000c3700000|  0%| F|  |TAMS 0x00000000c3600000| PB 0x00000000c3600000| Untracked 
|  27|0x00000000c3700000, 0x00000000c3700000, 0x00000000c3800000|  0%| F|  |TAMS 0x00000000c3700000| PB 0x00000000c3700000| Untracked 
|  28|0x00000000c3800000, 0x00000000c3800000, 0x00000000c3900000|  0%| F|  |TAMS 0x00000000c3800000| PB 0x00000000c3800000| Untracked 
|  29|0x00000000c3900000, 0x00000000c3900000, 0x00000000c3a00000|  0%| F|  |TAMS 0x00000000c3900000| PB 0x00000000c3900000| Untracked 
|  30|0x00000000c3a00000, 0x00000000c3a00000, 0x00000000c3b00000|  0%| F|  |TAMS 0x00000000c3a00000| PB 0x00000000c3a00000| Untracked 
|  31|0x00000000c3b00000, 0x00000000c3b00000, 0x00000000c3c00000|  0%| F|  |TAMS 0x00000000c3b00000| PB 0x00000000c3b00000| Untracked 
|  32|0x00000000c3c00000, 0x00000000c3c00000, 0x00000000c3d00000|  0%| F|  |TAMS 0x00000000c3c00000| PB 0x00000000c3c00000| Untracked 
|  33|0x00000000c3d00000, 0x00000000c3d68ea0, 0x00000000c3e00000| 40%| E|  |TAMS 0x00000000c3d00000| PB 0x00000000c3d00000| Complete 
|  34|0x00000000c3e00000, 0x00000000c3f00000, 0x00000000c3f00000|100%| E|CS|TAMS 0x00000000c3e00000| PB 0x00000000c3e00000| Complete 
|  35|0x00000000c3f00000, 0x00000000c4000000, 0x00000000c4000000|100%| E|CS|TAMS 0x00000000c3f00000| PB 0x00000000c3f00000| Complete 
|  36|0x00000000c4000000, 0x00000000c4100000, 0x00000000c4100000|100%| E|CS|TAMS 0x00000000c4000000| PB 0x00000000c4000000| Complete 
|  37|0x00000000c4100000, 0x00000000c4200000, 0x00000000c4200000|100%| E|CS|TAMS 0x00000000c4100000| PB 0x00000000c4100000| Complete 
|  38|0x00000000c4200000, 0x00000000c4300000, 0x00000000c4300000|100%| E|  |TAMS 0x00000000c4200000| PB 0x00000000c4200000| Complete 
|  39|0x00000000c4300000, 0x00000000c43bf7f0, 0x00000000c4400000| 74%| S|CS|TAMS 0x00000000c4300000| PB 0x00000000c4300000| Complete 
|  40|0x00000000c4400000, 0x00000000c4500000, 0x00000000c4500000|100%| S|CS|TAMS 0x00000000c4400000| PB 0x00000000c4400000| Complete 
|  41|0x00000000c4500000, 0x00000000c4600000, 0x00000000c4600000|100%| S|CS|TAMS 0x00000000c4500000| PB 0x00000000c4500000| Complete 
|  42|0x00000000c4600000, 0x00000000c4700000, 0x00000000c4700000|100%| E|CS|TAMS 0x00000000c4600000| PB 0x00000000c4600000| Complete 
|  43|0x00000000c4700000, 0x00000000c4800000, 0x00000000c4800000|100%| E|CS|TAMS 0x00000000c4700000| PB 0x00000000c4700000| Complete 
|  44|0x00000000c4800000, 0x00000000c4900000, 0x00000000c4900000|100%| E|CS|TAMS 0x00000000c4800000| PB 0x00000000c4800000| Complete 
|  45|0x00000000c4900000, 0x00000000c4a00000, 0x00000000c4a00000|100%| E|CS|TAMS 0x00000000c4900000| PB 0x00000000c4900000| Complete 
|  46|0x00000000c4a00000, 0x00000000c4b00000, 0x00000000c4b00000|100%| E|CS|TAMS 0x00000000c4a00000| PB 0x00000000c4a00000| Complete 
|  47|0x00000000c4b00000, 0x00000000c4c00000, 0x00000000c4c00000|100%| E|CS|TAMS 0x00000000c4b00000| PB 0x00000000c4b00000| Complete 
|  48|0x00000000c4c00000, 0x00000000c4d00000, 0x00000000c4d00000|100%| E|CS|TAMS 0x00000000c4c00000| PB 0x00000000c4c00000| Complete 
|  63|0x00000000c5b00000, 0x00000000c5c00000, 0x00000000c5c00000|100%| E|CS|TAMS 0x00000000c5b00000| PB 0x00000000c5b00000| Complete 

Card table byte_map: [0x000001b92e2a0000,0x000001b92e4a0000] _byte_map_base: 0x000001b92dc92000

Marking Bits: (CMBitMap*) 0x000001b916c4c0e0
 Bits: [0x000001b92e4a0000, 0x000001b92f430000)

Polling page: 0x000001b914c10000

Metaspace:

Usage:
  Non-class:     36.24 MB used.
      Class:      5.21 MB used.
       Both:     41.45 MB used.

Virtual space:
  Non-class space:       64.00 MB reserved,      36.44 MB ( 57%) committed,  1 nodes.
      Class space:        1.00 GB reserved,       5.38 MB ( <1%) committed,  1 nodes.
             Both:        1.06 GB reserved,      41.81 MB (  4%) committed. 

Chunk freelists:
   Non-Class:  11.00 MB
       Class:  10.44 MB
        Both:  21.44 MB

MaxMetaspaceSize: unlimited
CompressedClassSpaceSize: 1.00 GB
Initial GC threshold: 21.00 MB
Current GC threshold: 59.50 MB
CDS: on
 - commit_granule_bytes: 65536.
 - commit_granule_words: 8192.
 - virtual_space_node_default_size: 8388608.
 - enlarge_chunks_in_place: 1.
 - use_allocation_guard: 0.


Internal statistics:

num_allocs_failed_limit: 9.
num_arena_births: 372.
num_arena_deaths: 0.
num_vsnodes_births: 2.
num_vsnodes_deaths: 0.
num_space_committed: 669.
num_space_uncommitted: 0.
num_chunks_returned_to_freelist: 9.
num_chunks_taken_from_freelist: 1647.
num_chunk_merges: 0.
num_chunk_splits: 1192.
num_chunks_enlarged: 976.
num_inconsistent_stats: 0.

CodeHeap 'non-profiled nmethods': size=120000Kb used=1708Kb max_used=1708Kb free=118291Kb
 bounds [0x000001b926b70000, 0x000001b926de0000, 0x000001b92e0a0000]
CodeHeap 'profiled nmethods': size=120000Kb used=8361Kb max_used=8361Kb free=111638Kb
 bounds [0x000001b91f0a0000, 0x000001b91f8d0000, 0x000001b9265d0000]
CodeHeap 'non-nmethods': size=5760Kb used=1573Kb max_used=1573Kb free=4186Kb
 bounds [0x000001b9265d0000, 0x000001b926840000, 0x000001b926b70000]
 total_blobs=4729 nmethods=4098 adapters=534
 compilation: enabled
              stopped_count=0, restarted_count=0
 full_count=0

Compilation events (20 events):
Event: 8.124 Thread 0x000001b9318be6a0 nmethod 4462 0x000001b91f8c4990 code [0x000001b91f8c4c80, 0x000001b91f8c5828]
Event: 8.124 Thread 0x000001b9318be6a0 4463   !   2       java.lang.StringLatin1::replace (291 bytes)
Event: 8.126 Thread 0x000001b9318be6a0 nmethod 4463 0x000001b91f8c6110 code [0x000001b91f8c63c0, 0x000001b91f8c6ef0]
Event: 8.126 Thread 0x000001b9318be6a0 4465       2       sun.nio.ch.NioSocketImpl::timedRead (85 bytes)
Event: 8.127 Thread 0x000001b9318be6a0 nmethod 4465 0x000001b91f8c7710 code [0x000001b91f8c7900, 0x000001b91f8c7c70]
Event: 8.127 Thread 0x000001b9318be6a0 4464       2       java.lang.Math::addExact (26 bytes)
Event: 8.127 Thread 0x000001b9318be6a0 nmethod 4464 0x000001b91f8c7e10 code [0x000001b91f8c7fc0, 0x000001b91f8c8178]
Event: 8.138 Thread 0x000001b9318be6a0 4466       2       java.nio.CharBuffer::<init> (24 bytes)
Event: 8.139 Thread 0x000001b9318be6a0 nmethod 4466 0x000001b91f8c8290 code [0x000001b91f8c8440, 0x000001b91f8c85d8]
Event: 8.139 Thread 0x000001b9318be6a0 4467       2       java.nio.CharBuffer::limit (6 bytes)
Event: 8.139 Thread 0x000001b9318be6a0 nmethod 4467 0x000001b91f8c8690 code [0x000001b91f8c8840, 0x000001b91f8c8970]
Event: 8.139 Thread 0x000001b9318be6a0 4468       2       java.nio.CharBuffer::limit (8 bytes)
Event: 8.139 Thread 0x000001b9318be6a0 nmethod 4468 0x000001b91f8c8a10 code [0x000001b91f8c8bc0, 0x000001b91f8c8cf0]
Event: 8.140 Thread 0x000001b9318be6a0 4469       2       sun.security.ssl.SSLSocketInputRecord::readHeader (43 bytes)
Event: 8.140 Thread 0x000001b9318be6a0 nmethod 4469 0x000001b91f8c8d90 code [0x000001b91f8c8f40, 0x000001b91f8c90f0]
Event: 8.140 Thread 0x000001b9318be6a0 4471       2       com.mysql.cj.protocol.a.MysqlTextValueDecoder::<init> (5 bytes)
Event: 8.141 Thread 0x000001b9318be6a0 nmethod 4471 0x000001b91f8c9210 code [0x000001b91f8c93a0, 0x000001b91f8c94a8]
Event: 8.141 Thread 0x000001b9318be6a0 4470       2       sun.security.ssl.Authenticator::increaseSequenceNumber (29 bytes)
Event: 8.141 Thread 0x000001b9318be6a0 nmethod 4470 0x000001b91f8c9590 code [0x000001b91f8c9740, 0x000001b91f8c98e8]
Event: 8.158 Thread 0x000001b9318be6a0 4472       2       java.lang.Class::getAnnotation (22 bytes)

GC Heap History (14 events):
Event: 0.896 GC heap before
{Heap before GC invocations=0 (full 0):
 garbage-first heap   total 65536K, used 14336K [0x00000000c1c00000, 0x0000000100000000)
  region size 1024K, 13 young (13312K), 0 survivors (0K)
 Metaspace       used 3758K, committed 3904K, reserved 1114112K
  class space    used 380K, committed 448K, reserved 1048576K
}
Event: 0.905 GC heap after
{Heap after GC invocations=1 (full 0):
 garbage-first heap   total 65536K, used 7168K [0x00000000c1c00000, 0x0000000100000000)
  region size 1024K, 2 young (2048K), 2 survivors (2048K)
 Metaspace       used 3758K, committed 3904K, reserved 1114112K
  class space    used 380K, committed 448K, reserved 1048576K
}
Event: 1.605 GC heap before
{Heap before GC invocations=1 (full 0):
 garbage-first heap   total 65536K, used 19456K [0x00000000c1c00000, 0x0000000100000000)
  region size 1024K, 14 young (14336K), 2 survivors (2048K)
 Metaspace       used 7553K, committed 7744K, reserved 1114112K
  class space    used 925K, committed 1024K, reserved 1048576K
}
Event: 1.615 GC heap after
{Heap after GC invocations=2 (full 0):
 garbage-first heap   total 65536K, used 8556K [0x00000000c1c00000, 0x0000000100000000)
  region size 1024K, 2 young (2048K), 2 survivors (2048K)
 Metaspace       used 7553K, committed 7744K, reserved 1114112K
  class space    used 925K, committed 1024K, reserved 1048576K
}
Event: 2.589 GC heap before
{Heap before GC invocations=2 (full 0):
 garbage-first heap   total 65536K, used 36204K [0x00000000c1c00000, 0x0000000100000000)
  region size 1024K, 30 young (30720K), 2 survivors (2048K)
 Metaspace       used 15398K, committed 15680K, reserved 1114112K
  class space    used 1837K, committed 1984K, reserved 1048576K
}
Event: 2.597 GC heap after
{Heap after GC invocations=3 (full 0):
 garbage-first heap   total 65536K, used 10488K [0x00000000c1c00000, 0x0000000100000000)
  region size 1024K, 4 young (4096K), 4 survivors (4096K)
 Metaspace       used 15398K, committed 15680K, reserved 1114112K
  class space    used 1837K, committed 1984K, reserved 1048576K
}
Event: 4.504 GC heap before
{Heap before GC invocations=3 (full 0):
 garbage-first heap   total 65536K, used 43256K [0x00000000c1c00000, 0x0000000100000000)
  region size 1024K, 37 young (37888K), 4 survivors (4096K)
 Metaspace       used 21239K, committed 21504K, reserved 1114112K
  class space    used 2544K, committed 2688K, reserved 1048576K
}
Event: 4.518 GC heap after
{Heap after GC invocations=4 (full 0):
 garbage-first heap   total 65536K, used 13000K [0x00000000c1c00000, 0x0000000100000000)
  region size 1024K, 5 young (5120K), 5 survivors (5120K)
 Metaspace       used 21239K, committed 21504K, reserved 1114112K
  class space    used 2544K, committed 2688K, reserved 1048576K
}
Event: 5.707 GC heap before
{Heap before GC invocations=5 (full 0):
 garbage-first heap   total 51200K, used 38600K [0x00000000c1c00000, 0x0000000100000000)
  region size 1024K, 30 young (30720K), 5 survivors (5120K)
 Metaspace       used 27174K, committed 27456K, reserved 1114112K
  class space    used 3304K, committed 3456K, reserved 1048576K
}
Event: 5.723 GC heap after
{Heap after GC invocations=6 (full 0):
 garbage-first heap   total 51200K, used 15793K [0x00000000c1c00000, 0x0000000100000000)
  region size 1024K, 4 young (4096K), 4 survivors (4096K)
 Metaspace       used 27174K, committed 27456K, reserved 1114112K
  class space    used 3304K, committed 3456K, reserved 1048576K
}
Event: 6.730 GC heap before
{Heap before GC invocations=6 (full 0):
 garbage-first heap   total 51200K, used 37297K [0x00000000c1c00000, 0x0000000100000000)
  region size 1024K, 26 young (26624K), 4 survivors (4096K)
 Metaspace       used 32856K, committed 33280K, reserved 1114112K
  class space    used 4234K, committed 4416K, reserved 1048576K
}
Event: 6.740 GC heap after
{Heap after GC invocations=7 (full 0):
 garbage-first heap   total 51200K, used 17479K [0x00000000c1c00000, 0x0000000100000000)
  region size 1024K, 2 young (2048K), 2 survivors (2048K)
 Metaspace       used 32856K, committed 33280K, reserved 1114112K
  class space    used 4234K, committed 4416K, reserved 1048576K
}
Event: 7.115 GC heap before
{Heap before GC invocations=7 (full 0):
 garbage-first heap   total 51200K, used 23623K [0x00000000c1c00000, 0x0000000100000000)
  region size 1024K, 10 young (10240K), 2 survivors (2048K)
 Metaspace       used 35792K, committed 36096K, reserved 1114112K
  class space    used 4549K, committed 4672K, reserved 1048576K
}
Event: 7.120 GC heap after
{Heap after GC invocations=8 (full 0):
 garbage-first heap   total 51200K, used 18642K [0x00000000c1c00000, 0x0000000100000000)
  region size 1024K, 3 young (3072K), 3 survivors (3072K)
 Metaspace       used 35792K, committed 36096K, reserved 1114112K
  class space    used 4549K, committed 4672K, reserved 1048576K
}

Dll operation events (11 events):
Event: 0.015 Loaded shared library C:\Program Files\Java\jdk-21\bin\java.dll
Event: 0.088 Loaded shared library C:\Program Files\Java\jdk-21\bin\jsvml.dll
Event: 0.236 Loaded shared library C:\Program Files\Java\jdk-21\bin\net.dll
Event: 0.240 Loaded shared library C:\Program Files\Java\jdk-21\bin\nio.dll
Event: 0.246 Loaded shared library C:\Program Files\Java\jdk-21\bin\zip.dll
Event: 0.436 Loaded shared library C:\Program Files\Java\jdk-21\bin\verify.dll
Event: 0.445 Loaded shared library C:\Program Files\Java\jdk-21\bin\jimage.dll
Event: 1.453 Loaded shared library C:\Program Files\Java\jdk-21\bin\management.dll
Event: 1.461 Loaded shared library C:\Program Files\Java\jdk-21\bin\management_ext.dll
Event: 6.958 Loaded shared library C:\Program Files\Java\jdk-21\bin\extnet.dll
Event: 7.274 Loaded shared library C:\Program Files\Java\jdk-21\bin\sunmscapi.dll

Deoptimization events (20 events):
Event: 7.743 Thread 0x000001b977b6cbd0 Uncommon trap: trap_request=0xffffffde fr.pc=0x000001b926b917a8 relative=0x0000000000000268
Event: 7.743 Thread 0x000001b977b6cbd0 Uncommon trap: reason=class_check action=maybe_recompile pc=0x000001b926b917a8 method=sun.security.util.math.intpoly.IntegerPolynomial.multByInt([JJ)V @ 26 c2
Event: 7.743 Thread 0x000001b977b6cbd0 DEOPT PACKING pc=0x000001b926b917a8 sp=0x0000001274dfd8c0
Event: 7.743 Thread 0x000001b977b6cbd0 DEOPT UNPACKING pc=0x000001b9266246a2 sp=0x0000001274dfd890 mode 2
Event: 7.743 Thread 0x000001b977b6cbd0 Uncommon trap: trap_request=0xffffffde fr.pc=0x000001b926b917a8 relative=0x0000000000000268
Event: 7.743 Thread 0x000001b977b6cbd0 Uncommon trap: reason=class_check action=maybe_recompile pc=0x000001b926b917a8 method=sun.security.util.math.intpoly.IntegerPolynomial.multByInt([JJ)V @ 26 c2
Event: 7.743 Thread 0x000001b977b6cbd0 DEOPT PACKING pc=0x000001b926b917a8 sp=0x0000001274dfd8c0
Event: 7.743 Thread 0x000001b977b6cbd0 DEOPT UNPACKING pc=0x000001b9266246a2 sp=0x0000001274dfd890 mode 2
Event: 7.743 Thread 0x000001b977b6cbd0 Uncommon trap: trap_request=0xffffffde fr.pc=0x000001b926b917a8 relative=0x0000000000000268
Event: 7.743 Thread 0x000001b977b6cbd0 Uncommon trap: reason=class_check action=maybe_recompile pc=0x000001b926b917a8 method=sun.security.util.math.intpoly.IntegerPolynomial.multByInt([JJ)V @ 26 c2
Event: 7.743 Thread 0x000001b977b6cbd0 DEOPT PACKING pc=0x000001b926b917a8 sp=0x0000001274dfd8c0
Event: 7.743 Thread 0x000001b977b6cbd0 DEOPT UNPACKING pc=0x000001b9266246a2 sp=0x0000001274dfd890 mode 2
Event: 7.752 Thread 0x000001b977b6cbd0 Uncommon trap: trap_request=0xffffff6e fr.pc=0x000001b926b80a90 relative=0x0000000000000270
Event: 7.752 Thread 0x000001b977b6cbd0 Uncommon trap: reason=loop_limit_check action=maybe_recompile pc=0x000001b926b80a90 method=java.math.BigInteger.implMulAdd([I[IIII)I @ 26 c2
Event: 7.753 Thread 0x000001b977b6cbd0 DEOPT PACKING pc=0x000001b926b80a90 sp=0x0000001274dfd570
Event: 7.753 Thread 0x000001b977b6cbd0 DEOPT UNPACKING pc=0x000001b9266246a2 sp=0x0000001274dfd4c0 mode 2
Event: 7.762 Thread 0x000001b977b6cbd0 DEOPT PACKING pc=0x000001b91f273c7e sp=0x0000001274dfd8f0
Event: 7.762 Thread 0x000001b977b6cbd0 DEOPT UNPACKING pc=0x000001b926624e42 sp=0x0000001274dfcd20 mode 0
Event: 7.790 Thread 0x000001b977b6cbd0 DEOPT PACKING pc=0x000001b91f273c7e sp=0x0000001274dfd960
Event: 7.790 Thread 0x000001b977b6cbd0 DEOPT UNPACKING pc=0x000001b926624e42 sp=0x0000001274dfcd90 mode 0

Classes loaded (20 events):
Event: 7.566 Loading class javax/security/auth/callback/Callback
Event: 7.566 Loading class javax/security/auth/callback/Callback done
Event: 7.569 Loading class sun/security/ssl/PostHandshakeContext
Event: 7.569 Loading class sun/security/ssl/PostHandshakeContext done
Event: 7.569 Loading class sun/security/ssl/NewSessionTicket$T13NewSessionTicketMessage
Event: 7.569 Loading class sun/security/ssl/NewSessionTicket$NewSessionTicketMessage
Event: 7.569 Loading class sun/security/ssl/NewSessionTicket$NewSessionTicketMessage done
Event: 7.569 Loading class sun/security/ssl/NewSessionTicket$T13NewSessionTicketMessage done
Event: 7.615 Loading class java/util/concurrent/ThreadPoolExecutor$DiscardOldestPolicy
Event: 7.615 Loading class java/util/concurrent/ThreadPoolExecutor$DiscardOldestPolicy done
Event: 7.615 Loading class java/util/concurrent/ThreadPoolExecutor$CallerRunsPolicy
Event: 7.615 Loading class java/util/concurrent/ThreadPoolExecutor$CallerRunsPolicy done
Event: 7.676 Loading class java/util/TimerTask
Event: 7.676 Loading class java/util/TimerTask done
Event: 7.743 Loading class java/util/regex/Pattern$1MatcherIterator
Event: 7.743 Loading class java/util/regex/Pattern$1MatcherIterator done
Event: 7.875 Loading class java/io/CharArrayWriter
Event: 7.875 Loading class java/io/CharArrayWriter done
Event: 7.876 Loading class java/lang/StringIndexOutOfBoundsException
Event: 7.879 Loading class java/lang/StringIndexOutOfBoundsException done

Classes unloaded (0 events):
No events

Classes redefined (0 events):
No events

Internal exceptions (20 events):
Event: 4.626 Thread 0x000001b914a17540 Exception <a 'java/lang/ClassNotFoundException'{0x00000000c4a134e8}: org/springframework/beans/factory/AwareCustomizer> (0x00000000c4a134e8) 
thrown [s\open\src\hotspot\share\classfile\systemDictionary.cpp, line 312]
Event: 4.728 Thread 0x000001b914a17540 Exception <a 'java/lang/NoSuchMethodError'{0x00000000c499a1d0}: 'java.lang.Object java.lang.invoke.DirectMethodHandle$Holder.invokeSpecialIFC(java.lang.Object, java.lang.Object, java.lang.Object)'> (0x00000000c499a1d0) 
thrown [s\open\src\hotspot\share\interpreter\linkResolver.cpp, line 773]
Event: 4.753 Thread 0x000001b914a17540 Exception <a 'java/lang/NoSuchMethodError'{0x00000000c49e9070}: 'java.lang.Object java.lang.invoke.DirectMethodHandle$Holder.invokeVirtual(java.lang.Object, java.lang.Object, java.lang.Object, java.lang.Object, java.lang.Object)'> (0x00000000c49e9070) 
thrown [s\open\src\hotspot\share\interpreter\linkResolver.cpp, line 773]
Event: 4.830 Thread 0x000001b914a17540 Exception <a 'java/lang/NoSuchMethodError'{0x00000000c48cbb78}: 'int java.lang.invoke.DirectMethodHandle$Holder.invokeSpecial(java.lang.Object, java.lang.Object, java.lang.Object, java.lang.Object, java.lang.Object)'> (0x00000000c48cbb78) 
thrown [s\open\src\hotspot\share\interpreter\linkResolver.cpp, line 773]
Event: 4.934 Thread 0x000001b914a17540 Exception <a 'java/lang/NoSuchMethodError'{0x00000000c451b828}: 'void java.lang.invoke.DirectMethodHandle$Holder.invokeInterface(java.lang.Object, java.lang.Object, int)'> (0x00000000c451b828) 
thrown [s\open\src\hotspot\share\interpreter\linkResolver.cpp, line 773]
Event: 4.943 Thread 0x000001b914a17540 Exception <a 'java/lang/IncompatibleClassChangeError'{0x00000000c455de80}: Found class java.lang.Object, but interface was expected> (0x00000000c455de80) 
thrown [s\open\src\hotspot\share\interpreter\linkResolver.cpp, line 840]
Event: 4.944 Thread 0x000001b914a17540 Exception <a 'java/lang/NoSuchMethodError'{0x00000000c4562678}: 'void java.lang.invoke.DirectMethodHandle$Holder.invokeStatic(java.lang.Object, int, java.lang.Object)'> (0x00000000c4562678) 
thrown [s\open\src\hotspot\share\interpreter\linkResolver.cpp, line 773]
Event: 4.951 Thread 0x000001b914a17540 Exception <a 'java/lang/NoSuchMethodError'{0x00000000c458ad88}: 'int java.lang.invoke.DirectMethodHandle$Holder.invokeSpecial(java.lang.Object, java.lang.Object, int)'> (0x00000000c458ad88) 
thrown [s\open\src\hotspot\share\interpreter\linkResolver.cpp, line 773]
Event: 5.170 Thread 0x000001b914a17540 Exception <a 'java/lang/NoSuchMethodError'{0x00000000c410c798}: 'java.lang.Object java.lang.invoke.DirectMethodHandle$Holder.invokeStaticInit(java.lang.Object, int, int, int, int)'> (0x00000000c410c798) 
thrown [s\open\src\hotspot\share\interpreter\linkResolver.cpp, line 773]
Event: 5.205 Thread 0x000001b914a17540 Exception <a 'java/lang/NoSuchMethodError'{0x00000000c4142650}: 'java.lang.Object java.lang.invoke.DirectMethodHandle$Holder.invokeStaticInit(java.lang.Object, java.lang.Object, int, int, int, int)'> (0x00000000c4142650) 
thrown [s\open\src\hotspot\share\interpreter\linkResolver.cpp, line 773]
Event: 5.284 Thread 0x000001b914a17540 Exception <a 'java/lang/NoSuchMethodError'{0x00000000c3fb8ed8}: 'int java.lang.invoke.DirectMethodHandle$Holder.invokeVirtual(java.lang.Object, java.lang.Object, java.lang.Object, java.lang.Object)'> (0x00000000c3fb8ed8) 
thrown [s\open\src\hotspot\share\interpreter\linkResolver.cpp, line 773]
Event: 5.284 Thread 0x000001b914a17540 Exception <a 'java/lang/NoSuchMethodError'{0x00000000c3fbc768}: 'int java.lang.invoke.DelegatingMethodHandle$Holder.reinvoke_L(java.lang.Object, java.lang.Object, java.lang.Object, java.lang.Object)'> (0x00000000c3fbc768) 
thrown [s\open\src\hotspot\share\interpreter\linkResolver.cpp, line 773]
Event: 5.548 Thread 0x000001b914a17540 Exception <a 'java/io/FileNotFoundException'{0x00000000c387ddd0}> (0x00000000c387ddd0) 
thrown [s\open\src\hotspot\share\prims\jni.cpp, line 520]
Event: 5.601 Thread 0x000001b914a17540 Exception <a 'java/lang/NoSuchMethodError'{0x00000000c37b6c98}: 'int java.lang.invoke.DirectMethodHandle$Holder.invokeInterface(java.lang.Object, java.lang.Object, java.lang.Object, java.lang.Object)'> (0x00000000c37b6c98) 
thrown [s\open\src\hotspot\share\interpreter\linkResolver.cpp, line 773]
Event: 5.694 Thread 0x000001b914a17540 Exception <a 'java/io/FileNotFoundException'{0x00000000c3072848}> (0x00000000c3072848) 
thrown [s\open\src\hotspot\share\prims\jni.cpp, line 520]
Event: 5.869 Thread 0x000001b914a17540 Implicit null exception at 0x000001b926c8c188 to 0x000001b926c8c3e0
Event: 5.892 Thread 0x000001b914a17540 Exception <a 'java/lang/NoSuchMethodError'{0x00000000c49f0798}: 'java.lang.Object java.lang.invoke.DirectMethodHandle$Holder.newInvokeSpecial(java.lang.Object, java.lang.Object, java.lang.Object, java.lang.Object, java.lang.Object, java.lang.Object, java.lang.Object, java.lang.Object, java.lang.Object, java.lang.Object, java.lang.Object)'> (0x00000000c49f0798) 
thrown [s\open\src\hotspot\share\interpreter\linkResolver.cpp, line 773]
Event: 7.156 Thread 0x000001b914a17540 Exception <a 'sun/nio/fs/WindowsException'{0x00000000c5b59cd0}> (0x00000000c5b59cd0) 
thrown [s\open\src\hotspot\share\prims\jni.cpp, line 520]
Event: 7.500 Thread 0x000001b914a17540 Exception <a 'java/lang/NoSuchMethodError'{0x00000000c4b82318}: 'void java.lang.invoke.DirectMethodHandle$Holder.invokeVirtual(java.lang.Object, java.lang.Object)'> (0x00000000c4b82318) 
thrown [s\open\src\hotspot\share\interpreter\linkResolver.cpp, line 773]
Event: 7.887 Thread 0x000001b914a17540 Exception <a 'java/lang/NoSuchMethodError'{0x00000000c476e788}: 'java.lang.Object java.lang.invoke.DirectMethodHandle$Holder.invokeStaticInit(java.lang.Object, java.lang.Object, java.lang.Object, java.lang.Object)'> (0x00000000c476e788) 
thrown [s\open\src\hotspot\share\interpreter\linkResolver.cpp, line 773]

ZGC Phase Switch (0 events):
No events

VM Operations (20 events):
Event: 5.877 Executing VM operation: HandshakeAllThreads (Deoptimize)
Event: 5.878 Executing VM operation: HandshakeAllThreads (Deoptimize) done
Event: 6.206 Executing VM operation: HandshakeAllThreads (Deoptimize)
Event: 6.206 Executing VM operation: HandshakeAllThreads (Deoptimize) done
Event: 6.730 Executing VM operation: G1CollectForAllocation (G1 Evacuation Pause)
Event: 6.740 Executing VM operation: G1CollectForAllocation (G1 Evacuation Pause) done
Event: 7.090 Executing VM operation: HandshakeAllThreads (Deoptimize)
Event: 7.090 Executing VM operation: HandshakeAllThreads (Deoptimize) done
Event: 7.115 Executing VM operation: CollectForMetadataAllocation (Metadata GC Threshold)
Event: 7.120 Executing VM operation: CollectForMetadataAllocation (Metadata GC Threshold) done
Event: 7.147 Executing VM operation: CollectForMetadataAllocation (Metadata GC Threshold)
Event: 7.147 Executing VM operation: CollectForMetadataAllocation (Metadata GC Threshold) done
Event: 7.163 Executing VM operation: G1PauseRemark
Event: 7.169 Executing VM operation: G1PauseRemark done
Event: 7.177 Executing VM operation: HandshakeAllThreads (Deoptimize)
Event: 7.177 Executing VM operation: HandshakeAllThreads (Deoptimize) done
Event: 7.182 Executing VM operation: G1PauseCleanup
Event: 7.183 Executing VM operation: G1PauseCleanup done
Event: 7.522 Executing VM operation: HandshakeAllThreads (Deoptimize)
Event: 7.522 Executing VM operation: HandshakeAllThreads (Deoptimize) done

Events (20 events):
Event: 7.168 Thread 0x000001b916cd2340 flushing nmethod 0x000001b91f2bca90
Event: 7.168 Thread 0x000001b916cd2340 flushing nmethod 0x000001b91f2bd110
Event: 7.168 Thread 0x000001b916cd2340 flushing nmethod 0x000001b91f2bff90
Event: 7.168 Thread 0x000001b916cd2340 flushing nmethod 0x000001b91f300590
Event: 7.168 Thread 0x000001b916cd2340 flushing nmethod 0x000001b91f32d690
Event: 7.168 Thread 0x000001b916cd2340 flushing nmethod 0x000001b91f374910
Event: 7.168 Thread 0x000001b916cd2340 flushing nmethod 0x000001b91f37a890
Event: 7.168 Thread 0x000001b916cd2340 flushing nmethod 0x000001b91f3d9110
Event: 7.168 Thread 0x000001b916cd2340 flushing nmethod 0x000001b91f3fbe10
Event: 7.168 Thread 0x000001b916cd2340 flushing nmethod 0x000001b91f3fcf10
Event: 7.168 Thread 0x000001b916cd2340 flushing nmethod 0x000001b91f466f90
Event: 7.168 Thread 0x000001b916cd2340 flushing nmethod 0x000001b91f551510
Event: 7.168 Thread 0x000001b916cd2340 flushing nmethod 0x000001b91f592610
Event: 7.168 Thread 0x000001b916cd2340 flushing nmethod 0x000001b91f655890
Event: 7.168 Thread 0x000001b916cd2340 flushing nmethod 0x000001b91f68bf10
Event: 7.168 Thread 0x000001b916cd2340 flushing nmethod 0x000001b91f68c390
Event: 7.168 Thread 0x000001b916cd2340 flushing nmethod 0x000001b91f691990
Event: 7.168 Thread 0x000001b916cd2340 flushing nmethod 0x000001b91f692210
Event: 7.614 Thread 0x000001b9774a6350 Thread added: 0x000001b9774a6350
Event: 7.726 Thread 0x000001b977b6cbd0 Thread added: 0x000001b977b6cbd0


Dynamic libraries:
0x00007ff67cc00000 - 0x00007ff67cc10000 	C:\Program Files\Java\jdk-21\bin\javaw.exe
0x00007ffd11370000 - 0x00007ffd11568000 	C:\WINDOWS\SYSTEM32\ntdll.dll
0x00007ffd10f80000 - 0x00007ffd11042000 	C:\WINDOWS\System32\KERNEL32.DLL
0x00007ffd0ed00000 - 0x00007ffd0efff000 	C:\WINDOWS\System32\KERNELBASE.dll
0x00007ffd0eab0000 - 0x00007ffd0ebb0000 	C:\WINDOWS\System32\ucrtbase.dll
0x00007ffd08600000 - 0x00007ffd08619000 	C:\Program Files\Java\jdk-21\bin\jli.dll
0x00007ffd0ff90000 - 0x00007ffd1003f000 	C:\WINDOWS\System32\ADVAPI32.dll
0x00007ffd11280000 - 0x00007ffd1131e000 	C:\WINDOWS\System32\msvcrt.dll
0x00007ffd11050000 - 0x00007ffd110ef000 	C:\WINDOWS\System32\sechost.dll
0x00007ffd0fb00000 - 0x00007ffd0fc23000 	C:\WINDOWS\System32\RPCRT4.dll
0x00007ffd0f000000 - 0x00007ffd0f027000 	C:\WINDOWS\System32\bcrypt.dll
0x00007ffcfad20000 - 0x00007ffcfad3b000 	C:\Program Files\Java\jdk-21\bin\VCRUNTIME140.dll
0x00007ffd103f0000 - 0x00007ffd1058d000 	C:\WINDOWS\System32\USER32.dll
0x00007ffd0ebb0000 - 0x00007ffd0ebd2000 	C:\WINDOWS\System32\win32u.dll
0x00007ffd0fe80000 - 0x00007ffd0feab000 	C:\WINDOWS\System32\GDI32.dll
0x00007ffd0ebe0000 - 0x00007ffd0ecfa000 	C:\WINDOWS\System32\gdi32full.dll
0x00007ffd0ea10000 - 0x00007ffd0eaad000 	C:\WINDOWS\System32\msvcp_win.dll
0x00007ffd08090000 - 0x00007ffd0832a000 	C:\WINDOWS\WinSxS\amd64_microsoft.windows.common-controls_6595b64144ccf1df_6.0.19041.4355_none_60b8b9eb71f62e16\COMCTL32.dll
0x00007ffd04c00000 - 0x00007ffd04c0a000 	C:\WINDOWS\SYSTEM32\VERSION.dll
0x00007ffd0fcc0000 - 0x00007ffd0fcef000 	C:\WINDOWS\System32\IMM32.DLL
0x00007ffd0ba60000 - 0x00007ffd0ba6c000 	C:\Program Files\Java\jdk-21\bin\vcruntime140_1.dll
0x00007ffcf1fb0000 - 0x00007ffcf203e000 	C:\Program Files\Java\jdk-21\bin\msvcp140.dll
0x00007ffcb3eb0000 - 0x00007ffcb4bca000 	C:\Program Files\Java\jdk-21\bin\server\jvm.dll
0x00007ffd0fec0000 - 0x00007ffd0ff2b000 	C:\WINDOWS\System32\WS2_32.dll
0x00007ffd0df50000 - 0x00007ffd0df9b000 	C:\WINDOWS\SYSTEM32\POWRPROF.dll
0x00007ffd034f0000 - 0x00007ffd03517000 	C:\WINDOWS\SYSTEM32\WINMM.dll
0x00007ffd0de10000 - 0x00007ffd0de22000 	C:\WINDOWS\SYSTEM32\UMPDC.dll
0x00007ffd0ca70000 - 0x00007ffd0ca82000 	C:\WINDOWS\SYSTEM32\kernel.appcore.dll
0x00007ffd08f40000 - 0x00007ffd08f4a000 	C:\Program Files\Java\jdk-21\bin\jimage.dll
0x00007ffd0c470000 - 0x00007ffd0c654000 	C:\WINDOWS\SYSTEM32\DBGHELP.DLL
0x00007ffcfe270000 - 0x00007ffcfe2a4000 	C:\WINDOWS\SYSTEM32\dbgcore.DLL
0x00007ffd0f0e0000 - 0x00007ffd0f162000 	C:\WINDOWS\System32\bcryptPrimitives.dll
0x00007ffcf9b00000 - 0x00007ffcf9b1f000 	C:\Program Files\Java\jdk-21\bin\java.dll
0x00007ffd0f390000 - 0x00007ffd0fafd000 	C:\WINDOWS\System32\SHELL32.dll
0x00007ffd0ca90000 - 0x00007ffd0d234000 	C:\WINDOWS\SYSTEM32\windows.storage.dll
0x00007ffd10c20000 - 0x00007ffd10f75000 	C:\WINDOWS\System32\combase.dll
0x00007ffd0e440000 - 0x00007ffd0e46b000 	C:\WINDOWS\SYSTEM32\Wldp.dll
0x00007ffd10040000 - 0x00007ffd1010d000 	C:\WINDOWS\System32\OLEAUT32.dll
0x00007ffd110f0000 - 0x00007ffd1119d000 	C:\WINDOWS\System32\SHCORE.dll
0x00007ffd0fd50000 - 0x00007ffd0fda5000 	C:\WINDOWS\System32\shlwapi.dll
0x00007ffd0e940000 - 0x00007ffd0e965000 	C:\WINDOWS\SYSTEM32\profapi.dll
0x00007ffcd7010000 - 0x00007ffcd70e7000 	C:\Program Files\Java\jdk-21\bin\jsvml.dll
0x00007ffd085f0000 - 0x00007ffd08600000 	C:\Program Files\Java\jdk-21\bin\net.dll
0x00007ffd04f50000 - 0x00007ffd0505a000 	C:\WINDOWS\SYSTEM32\WINHTTP.dll
0x00007ffd0e1a0000 - 0x00007ffd0e20c000 	C:\WINDOWS\system32\mswsock.dll
0x00007ffcf9ae0000 - 0x00007ffcf9af6000 	C:\Program Files\Java\jdk-21\bin\nio.dll
0x00007ffcf98d0000 - 0x00007ffcf98e8000 	C:\Program Files\Java\jdk-21\bin\zip.dll
0x00007ffd084d0000 - 0x00007ffd084e0000 	C:\Program Files\Java\jdk-21\bin\verify.dll
0x00007ffd08040000 - 0x00007ffd0804a000 	C:\Program Files\Java\jdk-21\bin\management.dll
0x00007ffd07860000 - 0x00007ffd0786b000 	C:\Program Files\Java\jdk-21\bin\management_ext.dll
0x00007ffd11320000 - 0x00007ffd11328000 	C:\WINDOWS\System32\PSAPI.DLL
0x00007ffcfc130000 - 0x00007ffcfc147000 	C:\WINDOWS\system32\napinsp.dll
0x00007ffcfc110000 - 0x00007ffcfc12b000 	C:\WINDOWS\system32\pnrpnsp.dll
0x00007ffd08c50000 - 0x00007ffd08c6d000 	C:\WINDOWS\system32\NLAapi.dll
0x00007ffd0de30000 - 0x00007ffd0de6b000 	C:\WINDOWS\SYSTEM32\IPHLPAPI.DLL
0x00007ffd0de80000 - 0x00007ffd0df4a000 	C:\WINDOWS\SYSTEM32\DNSAPI.dll
0x00007ffd0fcb0000 - 0x00007ffd0fcb8000 	C:\WINDOWS\System32\NSI.dll
0x00007ffcfbfd0000 - 0x00007ffcfbfe2000 	C:\WINDOWS\System32\winrnr.dll
0x00007ffcfbfb0000 - 0x00007ffcfbfc5000 	C:\WINDOWS\system32\wshbth.dll
0x00007ffd03030000 - 0x00007ffd0303a000 	C:\Windows\System32\rasadhlp.dll
0x00007ffd012d0000 - 0x00007ffd01350000 	C:\WINDOWS\System32\fwpuclnt.dll
0x00007ffd0e390000 - 0x00007ffd0e3a8000 	C:\WINDOWS\SYSTEM32\CRYPTSP.dll
0x00007ffd0da50000 - 0x00007ffd0da88000 	C:\WINDOWS\system32\rsaenh.dll
0x00007ffd0e8c0000 - 0x00007ffd0e8ee000 	C:\WINDOWS\SYSTEM32\USERENV.dll
0x00007ffd0e3b0000 - 0x00007ffd0e3bc000 	C:\WINDOWS\SYSTEM32\CRYPTBASE.dll
0x00007ffcfac10000 - 0x00007ffcfac19000 	C:\Program Files\Java\jdk-21\bin\extnet.dll
0x00007ffcfa900000 - 0x00007ffcfa90e000 	C:\Program Files\Java\jdk-21\bin\sunmscapi.dll
0x00007ffd0f230000 - 0x00007ffd0f38c000 	C:\WINDOWS\System32\CRYPT32.dll
0x00007ffd0e4b0000 - 0x00007ffd0e4d7000 	C:\WINDOWS\SYSTEM32\ncrypt.dll
0x00007ffd0e470000 - 0x00007ffd0e4ab000 	C:\WINDOWS\SYSTEM32\NTASN1.dll

dbghelp: loaded successfully - version: 4.0.5 - missing functions: none
symbol engine: initialized successfully - sym options: 0x614 - pdb path: .;C:\Program Files\Java\jdk-21\bin;C:\WINDOWS\SYSTEM32;C:\WINDOWS\WinSxS\amd64_microsoft.windows.common-controls_6595b64144ccf1df_6.0.19041.4355_none_60b8b9eb71f62e16;C:\Program Files\Java\jdk-21\bin\server

VM Arguments:
jvm_args: -Dfile.encoding=UTF-8 -Dstdout.encoding=UTF-8 -Dstderr.encoding=UTF-8 -XX:+ShowCodeDetailsInExceptionMessages 
java_command: com.javaweb.Application
java_class_path (initial): D:\OPP_Java\Project_Java_t5\spring-boot-javaweb-jwt\target\classes;C:\Users\Quyet\.m2\repository\org\springframework\boot\spring-boot-starter-web-services\2.4.7\spring-boot-starter-web-services-2.4.7.jar;C:\Users\Quyet\.m2\repository\org\springframework\boot\spring-boot-starter-web\2.4.7\spring-boot-starter-web-2.4.7.jar;C:\Users\Quyet\.m2\repository\org\springframework\boot\spring-boot-starter\2.4.7\spring-boot-starter-2.4.7.jar;C:\Users\Quyet\.m2\repository\org\springframework\boot\spring-boot\2.4.7\spring-boot-2.4.7.jar;C:\Users\Quyet\.m2\repository\org\springframework\boot\spring-boot-autoconfigure\2.4.7\spring-boot-autoconfigure-2.4.7.jar;C:\Users\Quyet\.m2\repository\org\springframework\boot\spring-boot-starter-logging\2.4.7\spring-boot-starter-logging-2.4.7.jar;C:\Users\Quyet\.m2\repository\ch\qos\logback\logback-classic\1.2.3\logback-classic-1.2.3.jar;C:\Users\Quyet\.m2\repository\ch\qos\logback\logback-core\1.2.3\logback-core-1.2.3.jar;C:\Users\Quyet\.m2\repository\org\apache\logging\log4j\log4j-to-slf4j\2.13.3\log4j-to-slf4j-2.13.3.jar;C:\Users\Quyet\.m2\repository\org\apache\logging\log4j\log4j-api\2.13.3\log4j-api-2.13.3.jar;C:\Users\Quyet\.m2\repository\org\slf4j\jul-to-slf4j\1.7.30\jul-to-slf4j-1.7.30.jar;C:\Users\Quyet\.m2\repository\jakarta\annotation\jakarta.annotation-api\1.3.5\jakarta.annotation-api-1.3.5.jar;C:\Users\Quyet\.m2\repository\org\yaml\snakeyaml\1.27\snakeyaml-1.27.jar;C:\Users\Quyet\.m2\repository\org\springframework\boot\spring-boot-starter-json\2.4.7\spring-boot-starter-json-2.4.7.jar;C:\Users\Quyet\.m2\repository\com\fasterxml\jackson\core\jackson-databind\2.11.4\jackson-databind-2.11.4.jar;C:\Users\Quyet\.m2\repository\com\fasterxml\jackson\core\jackson-annotations\2.11.4\jackson-annotations-2.11.4.jar;C:\Users\Quyet\.m2\repository\com\fasterxml\jackson\core\jackson-core\2.11.4\jackson-core-2.11.4.jar;C:\Users\Quyet\.m2\repository\com\fasterxml\jackson\datatype\jackson-datatype-jdk8\2.11.4\jackson-datatype-jdk8-2.11.4.jar;C:\Users\Quyet\.m2\repository\com\fasterxml\jackson\datatype\jackson-datatype-jsr310\2.11.4\jackson-datatype-jsr310-2.11.4.jar;C:\Users\Quyet\.m2\repository\com\fasterxml\jackson\module\jackson-module-parameter-names\2.11.4\jackson-module-parameter-names-2.11.4.jar;C:\Users\Quyet\.m2\repository\org\springframework\boot\spring-boot-starter-tomcat\2.4.7\spring-boot-starter-tomcat-2.4.7.jar;C:\Users\Quyet\.m2\repository\org\apache\tomcat\embed\tomcat-embed-core\9.0.46\tomcat-embed-core-9.0.46.jar;C:\Users\Quyet\.m2\repository\org\glassfish\jakarta.el\3.0.3\jakarta.el-3.0.3.jar;C:\Users\Quyet\.m2\repository\org\apache\tomcat\embed\tomcat-embed-websocket\9.0.46\tomcat-embed-websocket-9.0.46.jar;C:\Users\Quyet\.m2\repository\org\springframework\spring-web\5.3.8\spring-web-5.3.8.jar;C:\Users\Quyet\.m2\repository\org\springframework\spring-webmvc\5.3.8\spring-webmvc-5.3.8.jar;C:\Users\Quyet\.m2\repository\org\springframework\spring-expression\5.3.8\spring-expression-5.3.8.jar;C:\Users\Quyet\.m2\repository\com\sun\xml\messaging\saaj\saaj-impl\1.5.3\saaj-impl-1.5.3.jar;C:\Users\Quyet\.m2\repository\jakarta\xml\soap\jakarta.xml.soap-api\1.4.2\jakarta.xml.soap-api-1.4.2.jar;C:\Users\Quyet\.m2\repository\org\jvnet\staxex\stax-ex\1.8.3\stax-ex-1.8.3.jar;C:\Users\Quyet\.m2\repository\com\sun\activation\jakarta.activation\1.2.2\jakarta.activation-1.2.2.jar;C:\Users\Quyet\.m2\repository\jakarta\xml\ws\jakarta.xml.ws-api\2.3.3\jakarta.xml.ws-api-2.3.3.jar;C:\Users\Quyet\.m2\repository\jakarta\xml\bind\jakarta.xml.bind-api\2.3.3\jakarta.xml.bind-api-2.3.3.jar;C:\Users\Quyet\.m2\repository\jakarta\jws\jakarta.jws-api\2.1.0\jakarta.jws-api-2.1.0.jar;C:\Users\Quyet\.m2\repository\org\springframework\spring-oxm\5.3.8\spring-oxm-5.3.8.jar;C:\Users\Quyet\.m2\repository\org\springframework\spring-beans\5.3.8\spring-beans-5.3.8.jar;C:\Users\Quyet\.m2\repository\org\springframework\spring-core\5.3.8\spring-core-5.3.8.jar;C:\Users\Quyet\.m2\repository\org\springframework\spring-jcl\5.3.8\spring-jcl-5.3.8.jar;C:\Users\Quyet\.m2\repository\org\springframework\ws\spring-ws-core\3.0.10.RELEASE\spring-ws-core-3.0.10.RELEASE.jar;C:\Users\Quyet\.m2\repository\org\springframework\ws\spring-xml\3.0.10.RELEASE\spring-xml-3.0.10.RELEASE.jar;C:\Users\Quyet\.m2\repository\org\springframework\spring-aop\5.3.8\spring-aop-5.3.8.jar;C:\Users\Quyet\.m2\repository\mysql\mysql-connector-java\8.0.25\mysql-connector-java-8.0.25.jar;C:\Users\Quyet\.m2\repository\org\modelmapper\modelmapper\3.2.2\modelmapper-3.2.2.jar;C:\Users\Quyet\.m2\repository\org\springframework\boot\spring-boot-starter-data-jpa\2.4.7\spring-boot-starter-data-jpa-2.4.7.jar;C:\Users\Quyet\.m2\repository\org\springframework\boot\spring-boot-starter-aop\2.4.7\spring-boot-starter-aop-2.4.7.jar;C:\Users\Quyet\.m2\repository\org\aspectj\aspectjweaver\1.9.6\aspectjweaver-1.9.6.jar;C:\Users\Quyet\.m2\repository\org\springframework\boot\spring-boot-starter-jdbc\2.4.7\spring-boot-starter-jdbc-2.4.7.jar;C:\Users\Quyet\.m2\repository\com\zaxxer\HikariCP\3.4.5\HikariCP-3.4.5.jar;C:\Users\Quyet\.m2\repository\org\springframework\spring-jdbc\5.3.8\spring-jdbc-5.3.8.jar;C:\Users\Quyet\.m2\repository\jakarta\transaction\jakarta.transaction-api\1.3.3\jakarta.transaction-api-1.3.3.jar;C:\Users\Quyet\.m2\repository\jakarta\persistence\jakarta.persistence-api\2.2.3\jakarta.persistence-api-2.2.3.jar;C:\Users\Quyet\.m2\repository\org\hibernate\hibernate-core\5.4.32.Final\hibernate-core-5.4.32.Final.jar;C:\Users\Quyet\.m2\repository\org\jboss\logging\jboss-logging\3.4.2.Final\jboss-logging-3.4.2.Final.jar;C:\Users\Quyet\.m2\repository\org\javassist\javassist\3.27.0-GA\javassist-3.27.0-GA.jar;C:\Users\Quyet\.m2\repository\net\bytebuddy\byte-buddy\1.10.22\byte-buddy-1.10.22.jar;C:\Users\Quyet\.m2\repository\antlr\antlr\2.7.7\antlr-2.7.7.jar;C:\Users\Quyet\.m2\repository\org\jboss\jandex\2.2.3.Final\jandex-2.2.3.Final.jar;C:\Users\Quyet\.m2\repository\com\fasterxml\classmate\1.5.1\classmate-1.5.1.jar;C:\Users\Quyet\.m2\repository\org\dom4j\dom4j\2.1.3\dom4j-2.1.3.jar;C:\Users\Quyet\.m2\repository\org\hibernate\common\hibernate-commons-annotations\5.1.2.Final\hibernate-commons-annotations-5.1.2.Final.jar;C:\Users\Quyet\.m2\repository\org\glassfish\jaxb\jaxb-runtime\2.3.4\jaxb-runtime-2.3.4.jar;C:\Users\Quyet\.m2\repository\org\glassfish\jaxb\txw2\2.3.4\txw2-2.3.4.jar;C:\Users\Quyet\.m2\repository\com\sun\istack\istack-commons-runtime\3.0.12\istack-commons-runtime-3.0.12.jar;C:\Users\Quyet\.m2\repository\org\springframework\data\spring-data-jpa\2.4.9\spring-data-jpa-2.4.9.jar;C:\Users\Quyet\.m2\repository\org\springframework\data\spring-data-commons\2.4.9\spring-data-commons-2.4.9.jar;C:\Users\Quyet\.m2\repository\org\springframework\spring-orm\5.3.8\spring-orm-5.3.8.jar;C:\Users\Quyet\.m2\repository\org\springframework\spring-context\5.3.8\spring-context-5.3.8.jar;C:\Users\Quyet\.m2\repository\org\springframework\spring-tx\5.3.8\spring-tx-5.3.8.jar;C:\Users\Quyet\.m2\repository\org\slf4j\slf4j-api\1.7.30\slf4j-api-1.7.30.jar;C:\Users\Quyet\.m2\repository\org\springframework\spring-aspects\5.3.8\spring-aspects-5.3.8.jar
Launcher Type: SUN_STANDARD

[Global flags]
     intx CICompilerCount                          = 3                                         {product} {ergonomic}
     uint ConcGCThreads                            = 1                                         {product} {ergonomic}
     uint G1ConcRefinementThreads                  = 4                                         {product} {ergonomic}
   size_t G1HeapRegionSize                         = 1048576                                   {product} {ergonomic}
    uintx GCDrainStackTargetSize                   = 64                                        {product} {ergonomic}
   size_t InitialHeapSize                          = 67108864                                  {product} {ergonomic}
   size_t MarkStackSize                            = 4194304                                   {product} {ergonomic}
   size_t MaxHeapSize                              = 1044381696                                {product} {ergonomic}
   size_t MaxNewSize                               = 625999872                                 {product} {ergonomic}
   size_t MinHeapDeltaBytes                        = 1048576                                   {product} {ergonomic}
   size_t MinHeapSize                              = 8388608                                   {product} {ergonomic}
    uintx NonNMethodCodeHeapSize                   = 5832780                                {pd product} {ergonomic}
    uintx NonProfiledCodeHeapSize                  = 122912730                              {pd product} {ergonomic}
    uintx ProfiledCodeHeapSize                     = 122912730                              {pd product} {ergonomic}
    uintx ReservedCodeCacheSize                    = 251658240                              {pd product} {ergonomic}
     bool SegmentedCodeCache                       = true                                      {product} {ergonomic}
     bool ShowCodeDetailsInExceptionMessages       = true                                   {manageable} {command line}
   size_t SoftMaxHeapSize                          = 1044381696                             {manageable} {ergonomic}
     bool UseCompressedOops                        = true                           {product lp64_product} {ergonomic}
     bool UseG1GC                                  = true                                      {product} {ergonomic}
     bool UseLargePagesIndividualAllocation        = false                                  {pd product} {ergonomic}

Logging:
Log output configuration:
 #0: stdout all=warning uptime,level,tags foldmultilines=false
 #1: stderr all=off uptime,level,tags foldmultilines=false

Environment Variables:
JAVA_HOME=C:\Program Files\Java\jdk-21
PATH=C:/Users/Quyet/.p2/pool/plugins/org.eclipse.justj.openjdk.hotspot.jre.full.win32.x86_64_23.0.2.v20250131-0604/jre/bin/server;C:/Users/Quyet/.p2/pool/plugins/org.eclipse.justj.openjdk.hotspot.jre.full.win32.x86_64_23.0.2.v20250131-0604/jre/bin;C:\Program Files\Common Files\Oracle\Java\javapath;C:\WINDOWS\system32;C:\WINDOWS;C:\WINDOWS\System32\Wbem;C:\WINDOWS\System32\WindowsPowerShell\v1.0\;C:\Program Files (x86)\Microsoft SQL Server\160\Tools\Binn\;C:\Program Files\Microsoft SQL Server\160\Tools\Binn\;C:\Program Files\Microsoft SQL Server\Client SDK\ODBC\170\Tools\Binn\;C:\Program Files\Microsoft SQL Server\160\DTS\Binn\;C:\Program Files\Microsoft SQL Server\150\Tools\Binn\;D:\oC\Git\cmd;C:\Program Files\nodejs\;C:\Program Files\dotnet\;C:\Program Files (x86)\Microsoft SQL Server\160\DTS\Binn\;C:\Program Files\Java\jdk-21\bin;C:\apache-maven-3.9.6\bin;D:\oC\bin;C:\Users\Quyet\AppData\Local\Microsoft\WindowsApps;D:\oC\Microsoft VS Code\bin;C:\Users\Quyet\AppData\Roaming\npm;C:\Program Files\nodejs\;D:\oC\Git\cmd;C:\Users\Quyet\.dotnet\tools;C:\Users\Quyet\OneDrive\Desktop;
USERNAME=Quyet
OS=Windows_NT
PROCESSOR_IDENTIFIER=Intel64 Family 6 Model 61 Stepping 4, GenuineIntel
TMP=C:\Users\Quyet\AppData\Local\Temp
TEMP=C:\Users\Quyet\AppData\Local\Temp




Periodic native trim disabled

---------------  S Y S T E M  ---------------

OS:
 Windows 10 , 64 bit Build 19041 (10.0.19041.5438)
OS uptime: 4 days 1:57 hours

CPU: total 4 (initial active 4) (2 cores per cpu, 2 threads per core) family 6 model 61 stepping 4 microcode 0x2d, cx8, cmov, fxsr, ht, mmx, 3dnowpref, sse, sse2, sse3, ssse3, sse4.1, sse4.2, popcnt, lzcnt, tsc, tscinvbit, avx, avx2, aes, erms, clmul, bmi1, bmi2, rtm, adx, fma, vzeroupper, clflush, rdtscp, f16c
Processor Information for all 4 processors :
  Max Mhz: 2295, Current Mhz: 2295, Mhz Limit: 2295

Memory: 4k page, system-wide physical 3976M (318M free)
TotalPageFile size 7557M (AvailPageFile size 4M)
current process WorkingSet (physical memory assigned to process): 183M, peak: 183M
current process commit charge ("private bytes"): 216M, peak: 217M

vm_info: Java HotSpot(TM) 64-Bit Server VM (21.0.6+8-LTS-188) for windows-amd64 JRE (21.0.6+8-LTS-188), built on 2024-12-03T10:50:54Z by "mach5one" with MS VC++ 17.6 (VS2022)

END.
